ARM Linker, 5.02 [Build 28] [MDK-ARM Lite]

==============================================================================

Section Cross References

    startup_lpc17xx.o(RESET) refers to startup_lpc17xx.o(STACK) for __initial_sp
    startup_lpc17xx.o(RESET) refers to startup_lpc17xx.o(.text) for Reset_Handler
    startup_lpc17xx.o(RESET) refers to hal_cm3.o(.emb_text) for SVC_Handler
    startup_lpc17xx.o(RESET) refers to uart.o(.text) for UART0_IRQHandler
    startup_lpc17xx.o(RESET) refers to adc.o(.text) for ADC_IRQHandler
    startup_lpc17xx.o(.text) refers to system_lpc17xx.o(.text) for SystemInit
    startup_lpc17xx.o(.text) refers to entry.o(.ARM.Collect$$$$00000000) for __main
    system_lpc17xx.o(.text) refers to uldiv.o(.text) for __aeabi_uldivmod
    system_lpc17xx.o(.text) refers to system_lpc17xx.o(.data) for SystemCoreClock
    glcd_spi_lpc1700.o(.text) refers to glcd_spi_lpc1700.o(.data) for Himax
    glcd_spi_lpc1700.o(.text) refers to glcd_spi_lpc1700.o(.constdata) for Font_6x8_h
    led.o(.text) refers to led.o(.constdata) for led_pos
    main.o(.text) refers to led.o(.text) for LED_set
    main.o(.text) refers to glcd_spi_lpc1700.o(.text) for GLCD_SetBackColor
    main.o(.text) refers to kbd.o(.text) for INT0_Get
    main.o(.text) refers to adc.o(.text) for ADC_Init
    main.o(.text) refers to hal_cm3.o(.emb_text) for os_set_env
    main.o(.text) refers to main.o(.bss) for mut_GLCD
    main.o(.text) refers to rt_mutex.o(i.rt_mut_wait) for rt_mut_wait
    main.o(.text) refers to rt_mutex.o(i.rt_mut_release) for rt_mut_release
    main.o(.text) refers to rt_time.o(i.rt_dly_wait) for rt_dly_wait
    main.o(.text) refers to rt_mutex.o(i.rt_mut_init) for rt_mut_init
    main.o(.text) refers to rt_task.o(i.rt_tsk_create) for rt_tsk_create
    main.o(.text) refers to main.o(.data) for t_led
    main.o(.text) refers to rt_task.o(i.rt_tsk_delete) for rt_tsk_delete
    main.o(.text) refers to rt_task.o(i.rt_sys_init) for rt_sys_init
    adc.o(.text) refers to main.o(.data) for ADCStat
    glcd_scroll.o(.text) refers to glcd_spi_lpc1700.o(.text) for GLCD_Init
    glcd_scroll.o(.text) refers to glcd_scroll.o(i.last_line) for last_line
    glcd_scroll.o(.text) refers to glcd_scroll.o(i.last_window_line) for last_window_line
    glcd_scroll.o(.text) refers to glcd_scroll.o(.data) for cache_start
    glcd_scroll.o(.text) refers to glcd_scroll.o(.bss) for chache
    mpu9250.o(.text) refers to ece_spi.o(.text) for SPI_select
    mpu9250.o(.text) refers to ffltui.o(.text) for __aeabi_ui2f
    mpu9250.o(.text) refers to fadd.o(.text) for __aeabi_fsub
    mpu9250.o(.text) refers to fdiv.o(.text) for __aeabi_fdiv
    mpu9250.o(.text) refers to fmul.o(.text) for __aeabi_fmul
    mpu9250.o(.text) refers to fflti.o(.text) for __aeabi_i2f
    mpu9250.o(.text) refers to mpu9250.o(.bss) for Magnetometer_ASA
    mpu9250.o(.text) refers to mpu9250.o(.data) for gyro_divider
    mpu9250.o(.text) refers to memcpya.o(.text) for __aeabi_memcpy4
    mpu9250.o(.text) refers to f2d.o(.text) for __aeabi_f2d
    mpu9250.o(.text) refers to dadd.o(.text) for __aeabi_dadd
    mpu9250.o(.text) refers to d2f.o(.text) for __aeabi_d2f
    mpu9250.o(.text) refers to ddiv.o(.text) for __aeabi_ddiv
    mpu9250.o(.text) refers to mpu9250.o(.constdata) for .constdata
    potentiometer.o(.text) refers to rt_task.o(i.rt_tsk_pass) for rt_tsk_pass
    retarget.o(.text) refers to uart.o(.text) for UARTInit
    retarget.o(.text) refers to retarget.o(.data) for uart_init_called
    sensor_fusion.o(.text) refers to fdiv.o(.text) for __aeabi_fdiv
    sensor_fusion.o(.text) refers to fmul.o(.text) for __aeabi_fmul
    sensor_fusion.o(.text) refers to fadd.o(.text) for __aeabi_frsub
    sensor_fusion.o(.text) refers to atan2f.o(i.atan2f) for atan2f
    sensor_fusion.o(.text) refers to asinf.o(i.asinf) for asinf
    sensor_fusion.o(.text) refers to cfcmple.o(.text) for __aeabi_cfcmpeq
    sensor_fusion.o(.text) refers to cfrcmple.o(.text) for __aeabi_cfrcmple
    sensor_fusion.o(.text) refers to sensor_fusion.o(.data) for invSampleFreq
    sensor_fusion.o(.text) refers to sqrtf.o(i.sqrtf) for sqrtf
    timer.o(.text) refers to system_lpc17xx.o(.data) for SystemCoreClock
    uart.o(.text) refers to uart.o(.data) for RcvLock0
    uart.o(.text) refers to uart.o(.bss) for UART0Buffer
    uart.o(.text) refers to system_lpc17xx.o(.data) for SystemCoreClock
    rt_task.o(i.rt_block) refers to rt_list.o(i.rt_put_dly) for rt_put_dly
    rt_task.o(i.rt_block) refers to rt_list.o(i.rt_get_first) for rt_get_first
    rt_task.o(i.rt_block) refers to rt_task.o(i.rt_switch_req) for rt_switch_req
    rt_task.o(i.rt_block) refers to rt_task.o(.data) for .data
    rt_task.o(i.rt_block) refers to rt_list.o(.bss) for os_rdy
    rt_task.o(i.rt_dispatch) refers to rt_list.o(i.rt_put_rdy_first) for rt_put_rdy_first
    rt_task.o(i.rt_dispatch) refers to rt_task.o(i.rt_switch_req) for rt_switch_req
    rt_task.o(i.rt_dispatch) refers to rt_list.o(i.rt_get_first) for rt_get_first
    rt_task.o(i.rt_dispatch) refers to rt_list.o(i.rt_put_prio) for rt_put_prio
    rt_task.o(i.rt_dispatch) refers to rt_task.o(.data) for .data
    rt_task.o(i.rt_dispatch) refers to rt_list.o(.bss) for os_rdy
    rt_task.o(i.rt_init_context) refers to rt_membox.o(i.rt_alloc_box) for rt_alloc_box
    rt_task.o(i.rt_init_context) refers to hal_cm3.o(i.rt_init_stack) for rt_init_stack
    rt_task.o(i.rt_init_context) refers to rtx_conf_cm.o(.bss) for mp_stk
    rt_task.o(i.rt_switch_req) refers to hal_cm3.o(i.dbg_task_switch) for dbg_task_switch
    rt_task.o(i.rt_switch_req) refers to rt_task.o(.data) for .data
    rt_task.o(i.rt_switch_req) refers to hal_cm3.o(.data) for dbg_msg
    rt_task.o(i.rt_sys_init) refers to hal_cm3.o(i.dbg_init) for dbg_init
    rt_task.o(i.rt_sys_init) refers to rt_membox.o(i._init_box) for _init_box
    rt_task.o(i.rt_sys_init) refers to rt_task.o(i.rt_init_context) for rt_init_context
    rt_task.o(i.rt_sys_init) refers to hal_cm3.o(.emb_text) for rt_set_PSP
    rt_task.o(i.rt_sys_init) refers to rt_robin.o(i.rt_init_robin) for rt_init_robin
    rt_task.o(i.rt_sys_init) refers to rt_system.o(i.os_tick_init) for os_tick_init
    rt_task.o(i.rt_sys_init) refers to rt_task.o(i.rt_tsk_create) for rt_tsk_create
    rt_task.o(i.rt_sys_init) refers to rtx_conf_cm.o(.bss) for os_active_TCB
    rt_task.o(i.rt_sys_init) refers to rtx_conf_cm.o(.constdata) for os_maxtaskrun
    rt_task.o(i.rt_sys_init) refers to rtx_conf_cm.o(.data) for m_tmr
    rt_task.o(i.rt_sys_init) refers to rt_task.o(.bss) for .bss
    rt_task.o(i.rt_sys_init) refers to rtx_conf_cm.o(.text) for os_idle_demon
    rt_task.o(i.rt_sys_init) refers to rt_list.o(.bss) for os_rdy
    rt_task.o(i.rt_sys_init) refers to rt_task.o(.data) for .data
    rt_task.o(i.rt_sys_init) refers to rt_system.o(.data) for os_tick_irqn
    rt_task.o(i.rt_tsk_create) refers to rt_membox.o(i.rt_alloc_box) for rt_alloc_box
    rt_task.o(i.rt_tsk_create) refers to rt_task.o(i.rt_init_context) for rt_init_context
    rt_task.o(i.rt_tsk_create) refers to hal_cm3.o(i.dbg_task_notify) for dbg_task_notify
    rt_task.o(i.rt_tsk_create) refers to rt_task.o(i.rt_dispatch) for rt_dispatch
    rt_task.o(i.rt_tsk_create) refers to rtx_conf_cm.o(.bss) for mp_tcb
    rt_task.o(i.rt_tsk_create) refers to rtx_conf_cm.o(.constdata) for os_maxtaskrun
    rt_task.o(i.rt_tsk_create) refers to hal_cm3.o(.data) for dbg_msg
    rt_task.o(i.rt_tsk_create) refers to rt_task.o(.data) for .data
    rt_task.o(i.rt_tsk_delete) refers to hal_cm3.o(.emb_text) for rt_get_PSP
    rt_task.o(i.rt_tsk_delete) refers to rt_system.o(i.rt_stk_check) for rt_stk_check
    rt_task.o(i.rt_tsk_delete) refers to rt_membox.o(i.rt_free_box) for rt_free_box
    rt_task.o(i.rt_tsk_delete) refers to hal_cm3.o(i.dbg_task_notify) for dbg_task_notify
    rt_task.o(i.rt_tsk_delete) refers to rt_task.o(i.rt_dispatch) for rt_dispatch
    rt_task.o(i.rt_tsk_delete) refers to rt_list.o(i.rt_rmv_list) for rt_rmv_list
    rt_task.o(i.rt_tsk_delete) refers to rt_list.o(i.rt_rmv_dly) for rt_rmv_dly
    rt_task.o(i.rt_tsk_delete) refers to hal_cm3.o(.data) for dbg_msg
    rt_task.o(i.rt_tsk_delete) refers to rt_task.o(.data) for .data
    rt_task.o(i.rt_tsk_delete) refers to rtx_conf_cm.o(.bss) for os_active_TCB
    rt_task.o(i.rt_tsk_delete) refers to rtx_conf_cm.o(.constdata) for os_maxtaskrun
    rt_task.o(i.rt_tsk_pass) refers to rt_list.o(i.rt_get_same_rdy_prio) for rt_get_same_rdy_prio
    rt_task.o(i.rt_tsk_pass) refers to rt_list.o(i.rt_put_prio) for rt_put_prio
    rt_task.o(i.rt_tsk_pass) refers to rt_task.o(i.rt_switch_req) for rt_switch_req
    rt_task.o(i.rt_tsk_pass) refers to rt_task.o(.data) for .data
    rt_task.o(i.rt_tsk_pass) refers to rt_list.o(.bss) for os_rdy
    rt_task.o(i.rt_tsk_prio) refers to rt_list.o(i.rt_put_prio) for rt_put_prio
    rt_task.o(i.rt_tsk_prio) refers to rt_list.o(i.rt_resort_prio) for rt_resort_prio
    rt_task.o(i.rt_tsk_prio) refers to rt_list.o(i.rt_get_first) for rt_get_first
    rt_task.o(i.rt_tsk_prio) refers to rt_task.o(i.rt_dispatch) for rt_dispatch
    rt_task.o(i.rt_tsk_prio) refers to rt_task.o(.data) for .data
    rt_task.o(i.rt_tsk_prio) refers to rtx_conf_cm.o(.constdata) for os_maxtaskrun
    rt_task.o(i.rt_tsk_prio) refers to rtx_conf_cm.o(.bss) for os_active_TCB
    rt_task.o(i.rt_tsk_prio) refers to rt_list.o(.bss) for os_rdy
    rt_task.o(i.rt_tsk_self) refers to rt_task.o(.data) for .data
    rt_time.o(i.rt_dly_wait) refers to rt_task.o(i.rt_block) for rt_block
    rt_time.o(i.rt_itv_set) refers to rt_task.o(.data) for os_tsk
    rt_time.o(i.rt_itv_set) refers to rt_time.o(.data) for .data
    rt_time.o(i.rt_itv_wait) refers to rt_task.o(i.rt_block) for rt_block
    rt_time.o(i.rt_itv_wait) refers to rt_task.o(.data) for os_tsk
    rt_time.o(i.rt_itv_wait) refers to rt_time.o(.data) for .data
    rt_time.o(i.rt_time_get) refers to rt_time.o(.data) for .data
    rt_mutex.o(i.rt_mut_release) refers to rt_list.o(i.rt_get_first) for rt_get_first
    rt_mutex.o(i.rt_mut_release) refers to rt_list.o(i.rt_rmv_dly) for rt_rmv_dly
    rt_mutex.o(i.rt_mut_release) refers to rt_list.o(i.rt_put_prio) for rt_put_prio
    rt_mutex.o(i.rt_mut_release) refers to rt_task.o(i.rt_dispatch) for rt_dispatch
    rt_mutex.o(i.rt_mut_release) refers to rt_task.o(.data) for os_tsk
    rt_mutex.o(i.rt_mut_release) refers to rt_list.o(.bss) for os_rdy
    rt_mutex.o(i.rt_mut_wait) refers to rt_list.o(i.rt_resort_prio) for rt_resort_prio
    rt_mutex.o(i.rt_mut_wait) refers to rt_list.o(i.rt_put_prio) for rt_put_prio
    rt_mutex.o(i.rt_mut_wait) refers to rt_task.o(i.rt_block) for rt_block
    rt_mutex.o(i.rt_mut_wait) refers to rt_task.o(.data) for os_tsk
    hal_cm3.o(.emb_text) refers to rtx_conf_cm.o(.constdata) for os_flags
    hal_cm3.o(.emb_text) refers to rt_membox.o(i.rt_alloc_box) for rt_alloc_box
    hal_cm3.o(.emb_text) refers to rt_membox.o(i.rt_free_box) for rt_free_box
    hal_cm3.o(.emb_text) refers to rt_system.o(i.rt_stk_check) for rt_stk_check
    hal_cm3.o(.emb_text) refers to rt_task.o(.data) for os_tsk
    hal_cm3.o(.emb_text) refers to SVC_Table.o(SVC_TABLE) for SVC_Count
    hal_cm3.o(.emb_text) refers to rt_system.o(i.rt_pop_req) for rt_pop_req
    hal_cm3.o(.emb_text) refers to rt_system.o(i.rt_systick) for rt_systick
    hal_cm3.o(.emb_text) refers to rt_system.o(i.os_tick_irqack) for os_tick_irqack
    hal_cm3.o(i.dbg_init) refers to hal_cm3.o(.data) for .data
    hal_cm3.o(i.rt_init_stack) refers to rtx_conf_cm.o(.constdata) for os_stackinfo
    rt_system.o(i.os_tick_init) refers to rtx_conf_cm.o(.constdata) for os_trv
    rt_system.o(i.rt_pop_req) refers to rt_list.o(i.rt_put_rdy_first) for rt_put_rdy_first
    rt_system.o(i.rt_pop_req) refers to rt_semaphore.o(i.rt_sem_psh) for rt_sem_psh
    rt_system.o(i.rt_pop_req) refers to rt_list.o(i.rt_get_first) for rt_get_first
    rt_system.o(i.rt_pop_req) refers to rt_task.o(i.rt_switch_req) for rt_switch_req
    rt_system.o(i.rt_pop_req) refers to rt_event.o(i.rt_evt_psh) for rt_evt_psh
    rt_system.o(i.rt_pop_req) refers to rt_mailbox.o(i.rt_mbx_psh) for rt_mbx_psh
    rt_system.o(i.rt_pop_req) refers to rt_task.o(.data) for os_tsk
    rt_system.o(i.rt_pop_req) refers to rtx_conf_cm.o(.bss) for os_fifo
    rt_system.o(i.rt_pop_req) refers to rt_list.o(.bss) for os_rdy
    rt_system.o(i.rt_psh_req) refers to rt_system.o(.data) for .data
    rt_system.o(i.rt_resume) refers to rt_list.o(i.rt_put_rdy_first) for rt_put_rdy_first
    rt_system.o(i.rt_resume) refers to rt_list.o(i.rt_dec_dly) for rt_dec_dly
    rt_system.o(i.rt_resume) refers to rt_timer.o(i.rt_tmr_tick) for rt_tmr_tick
    rt_system.o(i.rt_resume) refers to rt_list.o(i.rt_get_first) for rt_get_first
    rt_system.o(i.rt_resume) refers to rt_task.o(i.rt_switch_req) for rt_switch_req
    rt_system.o(i.rt_resume) refers to rt_system.o(i.rt_tsk_unlock) for rt_tsk_unlock
    rt_system.o(i.rt_resume) refers to rt_task.o(.data) for os_tsk
    rt_system.o(i.rt_resume) refers to rt_robin.o(.data) for os_robin
    rt_system.o(i.rt_resume) refers to rt_list.o(.bss) for os_dly
    rt_system.o(i.rt_resume) refers to rt_time.o(.data) for os_time
    rt_system.o(i.rt_resume) refers to rt_timer.o(.data) for os_tmr
    rt_system.o(i.rt_stk_check) refers to rtx_conf_cm.o(.text) for os_error
    rt_system.o(i.rt_stk_check) refers to rt_task.o(.data) for os_tsk
    rt_system.o(i.rt_suspend) refers to rt_system.o(i.rt_tsk_lock) for rt_tsk_lock
    rt_system.o(i.rt_suspend) refers to rt_list.o(.bss) for os_dly
    rt_system.o(i.rt_suspend) refers to rt_timer.o(.data) for os_tmr
    rt_system.o(i.rt_systick) refers to rt_list.o(i.rt_put_rdy_first) for rt_put_rdy_first
    rt_system.o(i.rt_systick) refers to rt_robin.o(i.rt_chk_robin) for rt_chk_robin
    rt_system.o(i.rt_systick) refers to rt_list.o(i.rt_dec_dly) for rt_dec_dly
    rt_system.o(i.rt_systick) refers to rt_timer.o(i.rt_tmr_tick) for rt_tmr_tick
    rt_system.o(i.rt_systick) refers to rt_list.o(i.rt_get_first) for rt_get_first
    rt_system.o(i.rt_systick) refers to rt_task.o(i.rt_switch_req) for rt_switch_req
    rt_system.o(i.rt_systick) refers to rt_task.o(.data) for os_tsk
    rt_system.o(i.rt_systick) refers to rt_time.o(.data) for os_time
    rt_system.o(i.rt_systick) refers to rt_list.o(.bss) for os_rdy
    rt_system.o(i.rt_tsk_lock) refers to rt_system.o(.data) for .data
    rt_system.o(i.rt_tsk_unlock) refers to rt_system.o(.data) for .data
    rt_list.o(i.rt_dec_dly) refers to rt_list.o(i.rt_put_prio) for rt_put_prio
    rt_list.o(i.rt_dec_dly) refers to rt_list.o(.bss) for .bss
    rt_list.o(i.rt_dec_dly) refers to rt_time.o(.data) for os_time
    rt_list.o(i.rt_get_same_rdy_prio) refers to rt_list.o(.bss) for .bss
    rt_list.o(i.rt_get_same_rdy_prio) refers to rt_task.o(.data) for os_tsk
    rt_list.o(i.rt_psq_enq) refers to rtx_conf_cm.o(.text) for os_error
    rt_list.o(i.rt_psq_enq) refers to rtx_conf_cm.o(.bss) for os_fifo
    rt_list.o(i.rt_put_dly) refers to rt_list.o(.bss) for .bss
    rt_list.o(i.rt_put_rdy_first) refers to rt_list.o(.bss) for .bss
    rt_list.o(i.rt_resort_prio) refers to rt_list.o(i.rt_rmv_list) for rt_rmv_list
    rt_list.o(i.rt_resort_prio) refers to rt_list.o(i.rt_put_prio) for rt_put_prio
    rt_list.o(i.rt_resort_prio) refers to rt_list.o(.bss) for .bss
    rt_list.o(i.rt_rmv_list) refers to rt_list.o(.bss) for .bss
    rt_robin.o(i.rt_chk_robin) refers to rt_list.o(i.rt_get_first) for rt_get_first
    rt_robin.o(i.rt_chk_robin) refers to rt_list.o(i.rt_put_prio) for rt_put_prio
    rt_robin.o(i.rt_chk_robin) refers to rt_robin.o(.data) for .data
    rt_robin.o(i.rt_chk_robin) refers to rt_list.o(.bss) for os_rdy
    rt_robin.o(i.rt_chk_robin) refers to rt_time.o(.data) for os_time
    rt_robin.o(i.rt_init_robin) refers to rt_robin.o(.data) for .data
    rt_robin.o(i.rt_init_robin) refers to rtx_conf_cm.o(.constdata) for os_rrobin
    rt_membox.o(i._calloc_box) refers to hal_cm3.o(.emb_text) for _alloc_box
    rt_event.o(i.isr_evt_set) refers to rt_list.o(i.rt_psq_enq) for rt_psq_enq
    rt_event.o(i.isr_evt_set) refers to rt_system.o(i.rt_psh_req) for rt_psh_req
    rt_event.o(i.isr_evt_set) refers to rtx_conf_cm.o(.bss) for os_active_TCB
    rt_event.o(i.rt_evt_clr) refers to rtx_conf_cm.o(.bss) for os_active_TCB
    rt_event.o(i.rt_evt_get) refers to rt_task.o(.data) for os_tsk
    rt_event.o(i.rt_evt_psh) refers to rt_list.o(i.rt_rmv_dly) for rt_rmv_dly
    rt_event.o(i.rt_evt_psh) refers to rt_list.o(i.rt_put_prio) for rt_put_prio
    rt_event.o(i.rt_evt_psh) refers to rt_list.o(.bss) for os_rdy
    rt_event.o(i.rt_evt_set) refers to rt_list.o(i.rt_rmv_dly) for rt_rmv_dly
    rt_event.o(i.rt_evt_set) refers to rt_task.o(i.rt_dispatch) for rt_dispatch
    rt_event.o(i.rt_evt_set) refers to rtx_conf_cm.o(.bss) for os_active_TCB
    rt_event.o(i.rt_evt_wait) refers to rt_task.o(i.rt_block) for rt_block
    rt_event.o(i.rt_evt_wait) refers to rt_task.o(.data) for os_tsk
    rt_mailbox.o(i.isr_mbx_receive) refers to rt_list.o(i.rt_psq_enq) for rt_psq_enq
    rt_mailbox.o(i.isr_mbx_receive) refers to rt_system.o(i.rt_psh_req) for rt_psh_req
    rt_mailbox.o(i.isr_mbx_send) refers to rt_list.o(i.rt_psq_enq) for rt_psq_enq
    rt_mailbox.o(i.isr_mbx_send) refers to rt_system.o(i.rt_psh_req) for rt_psh_req
    rt_mailbox.o(i.rt_mbx_psh) refers to rt_list.o(i.rt_get_first) for rt_get_first
    rt_mailbox.o(i.rt_mbx_psh) refers to rt_list.o(i.rt_rmv_dly) for rt_rmv_dly
    rt_mailbox.o(i.rt_mbx_psh) refers to rt_list.o(i.rt_put_prio) for rt_put_prio
    rt_mailbox.o(i.rt_mbx_psh) refers to rtx_conf_cm.o(.text) for os_error
    rt_mailbox.o(i.rt_mbx_psh) refers to rt_list.o(.bss) for os_rdy
    rt_mailbox.o(i.rt_mbx_send) refers to rt_list.o(i.rt_put_prio) for rt_put_prio
    rt_mailbox.o(i.rt_mbx_send) refers to rt_list.o(i.rt_get_first) for rt_get_first
    rt_mailbox.o(i.rt_mbx_send) refers to rt_list.o(i.rt_rmv_dly) for rt_rmv_dly
    rt_mailbox.o(i.rt_mbx_send) refers to rt_task.o(i.rt_dispatch) for rt_dispatch
    rt_mailbox.o(i.rt_mbx_send) refers to rt_task.o(i.rt_block) for rt_block
    rt_mailbox.o(i.rt_mbx_send) refers to rt_task.o(.data) for os_tsk
    rt_mailbox.o(i.rt_mbx_wait) refers to rt_list.o(i.rt_get_first) for rt_get_first
    rt_mailbox.o(i.rt_mbx_wait) refers to rt_list.o(i.rt_rmv_dly) for rt_rmv_dly
    rt_mailbox.o(i.rt_mbx_wait) refers to rt_task.o(i.rt_dispatch) for rt_dispatch
    rt_mailbox.o(i.rt_mbx_wait) refers to rt_list.o(i.rt_put_prio) for rt_put_prio
    rt_mailbox.o(i.rt_mbx_wait) refers to rt_task.o(i.rt_block) for rt_block
    rt_mailbox.o(i.rt_mbx_wait) refers to rt_task.o(.data) for os_tsk
    rt_semaphore.o(i.isr_sem_send) refers to rt_list.o(i.rt_psq_enq) for rt_psq_enq
    rt_semaphore.o(i.isr_sem_send) refers to rt_system.o(i.rt_psh_req) for rt_psh_req
    rt_semaphore.o(i.rt_sem_psh) refers to rt_list.o(i.rt_get_first) for rt_get_first
    rt_semaphore.o(i.rt_sem_psh) refers to rt_list.o(i.rt_rmv_dly) for rt_rmv_dly
    rt_semaphore.o(i.rt_sem_psh) refers to rt_list.o(i.rt_put_prio) for rt_put_prio
    rt_semaphore.o(i.rt_sem_psh) refers to rt_list.o(.bss) for os_rdy
    rt_semaphore.o(i.rt_sem_send) refers to rt_list.o(i.rt_get_first) for rt_get_first
    rt_semaphore.o(i.rt_sem_send) refers to rt_list.o(i.rt_rmv_dly) for rt_rmv_dly
    rt_semaphore.o(i.rt_sem_send) refers to rt_task.o(i.rt_dispatch) for rt_dispatch
    rt_semaphore.o(i.rt_sem_send) refers to rt_task.o(.data) for os_tsk
    rt_semaphore.o(i.rt_sem_wait) refers to rt_list.o(i.rt_put_prio) for rt_put_prio
    rt_semaphore.o(i.rt_sem_wait) refers to rt_task.o(i.rt_block) for rt_block
    rt_semaphore.o(i.rt_sem_wait) refers to rt_task.o(.data) for os_tsk
    rt_timer.o(i.rt_tmr_create) refers to rt_membox.o(i.rt_alloc_box) for rt_alloc_box
    rt_timer.o(i.rt_tmr_create) refers to rtx_conf_cm.o(.data) for m_tmr
    rt_timer.o(i.rt_tmr_create) refers to rt_timer.o(.data) for .data
    rt_timer.o(i.rt_tmr_kill) refers to rt_membox.o(i.rt_free_box) for rt_free_box
    rt_timer.o(i.rt_tmr_kill) refers to rt_timer.o(.data) for .data
    rt_timer.o(i.rt_tmr_kill) refers to rtx_conf_cm.o(.data) for m_tmr
    rt_timer.o(i.rt_tmr_tick) refers to rtx_conf_cm.o(.text) for os_tmr_call
    rt_timer.o(i.rt_tmr_tick) refers to rt_membox.o(i.rt_free_box) for rt_free_box
    rt_timer.o(i.rt_tmr_tick) refers to rt_timer.o(.data) for .data
    rt_timer.o(i.rt_tmr_tick) refers to rtx_conf_cm.o(.data) for m_tmr
    asinf.o(i.__softfp_asinf) refers (Special) to iusefp.o(.text) for __I$use$fp
    asinf.o(i.__softfp_asinf) refers to asinf.o(i.asinf) for asinf
    asinf.o(i.asinf) refers (Special) to iusefp.o(.text) for __I$use$fp
    asinf.o(i.asinf) refers to fpclassifyf.o(i.__ARM_fpclassifyf) for __ARM_fpclassifyf
    asinf.o(i.asinf) refers to funder.o(i.__mathlib_flt_underflow) for __mathlib_flt_underflow
    asinf.o(i.asinf) refers to fscalb.o(.text) for __ARM_scalbnf
    asinf.o(i.asinf) refers to errno.o(i.__set_errno) for __set_errno
    asinf.o(i.asinf) refers to fdiv.o(.text) for __aeabi_fdiv
    asinf.o(i.asinf) refers to fadd.o(.text) for __aeabi_frsub
    asinf.o(i.asinf) refers to sqrtf.o(i.sqrtf) for sqrtf
    asinf.o(i.asinf) refers to fmul.o(.text) for __aeabi_fmul
    asinf_x.o(i.____softfp_asinf$lsc) refers (Special) to iusefp.o(.text) for __I$use$fp
    asinf_x.o(i.____softfp_asinf$lsc) refers to asinf_x.o(i.__asinf$lsc) for __asinf$lsc
    asinf_x.o(i.__asinf$lsc) refers (Special) to iusefp.o(.text) for __I$use$fp
    asinf_x.o(i.__asinf$lsc) refers to fscalb.o(.text) for __ARM_scalbnf
    asinf_x.o(i.__asinf$lsc) refers to errno.o(i.__set_errno) for __set_errno
    asinf_x.o(i.__asinf$lsc) refers to fadd.o(.text) for __aeabi_frsub
    asinf_x.o(i.__asinf$lsc) refers to sqrtf.o(i.sqrtf) for sqrtf
    asinf_x.o(i.__asinf$lsc) refers to fmul.o(.text) for __aeabi_fmul
    atan2f.o(i.__softfp_atan2f) refers (Special) to iusefp.o(.text) for __I$use$fp
    atan2f.o(i.__softfp_atan2f) refers to atan2f.o(i.atan2f) for atan2f
    atan2f.o(i.atan2f) refers (Special) to iusefp.o(.text) for __I$use$fp
    atan2f.o(i.atan2f) refers to fadd.o(.text) for __aeabi_fadd
    atan2f.o(i.atan2f) refers to fmul.o(.text) for __aeabi_fmul
    atan2f.o(i.atan2f) refers to fdiv.o(.text) for __aeabi_fdiv
    atan2f.o(i.atan2f) refers to fpclassifyf.o(i.__ARM_fpclassifyf) for __ARM_fpclassifyf
    atan2f.o(i.atan2f) refers to funder.o(i.__mathlib_flt_underflow) for __mathlib_flt_underflow
    atan2f_x.o(i.____softfp_atan2f$lsc) refers (Special) to iusefp.o(.text) for __I$use$fp
    atan2f_x.o(i.____softfp_atan2f$lsc) refers to atan2f_x.o(i.__atan2f$lsc) for __atan2f$lsc
    atan2f_x.o(i.__atan2f$lsc) refers (Special) to iusefp.o(.text) for __I$use$fp
    atan2f_x.o(i.__atan2f$lsc) refers to fadd.o(.text) for __aeabi_fadd
    atan2f_x.o(i.__atan2f$lsc) refers to errno.o(i.__set_errno) for __set_errno
    atan2f_x.o(i.__atan2f$lsc) refers to fmul.o(.text) for __aeabi_fmul
    atan2f_x.o(i.__atan2f$lsc) refers to fdiv.o(.text) for __aeabi_fdiv
    sqrtf.o(i.__softfp_sqrtf) refers (Special) to iusefp.o(.text) for __I$use$fp
    sqrtf.o(i.__softfp_sqrtf) refers to fsqrt.o(.text) for _fsqrt
    sqrtf.o(i.__softfp_sqrtf) refers to errno.o(i.__set_errno) for __set_errno
    sqrtf.o(i.sqrtf) refers (Special) to iusefp.o(.text) for __I$use$fp
    sqrtf.o(i.sqrtf) refers to fsqrt.o(.text) for _fsqrt
    sqrtf.o(i.sqrtf) refers to errno.o(i.__set_errno) for __set_errno
    sqrtf_x.o(i.____softfp_sqrtf$lsc) refers (Special) to iusefp.o(.text) for __I$use$fp
    sqrtf_x.o(i.____softfp_sqrtf$lsc) refers to errno.o(i.__set_errno) for __set_errno
    sqrtf_x.o(i.____softfp_sqrtf$lsc) refers to fsqrt.o(.text) for _fsqrt
    sqrtf_x.o(i.__sqrtf$lsc) refers (Special) to iusefp.o(.text) for __I$use$fp
    sqrtf_x.o(i.__sqrtf$lsc) refers to errno.o(i.__set_errno) for __set_errno
    sqrtf_x.o(i.__sqrtf$lsc) refers to fsqrt.o(.text) for _fsqrt
    entry.o(.ARM.Collect$$$$00000000) refers (Special) to entry7b.o(.ARM.Collect$$$$00000008) for _main_clock
    entry.o(.ARM.Collect$$$$00000000) refers (Special) to entry8.o(.ARM.Collect$$$$00000009) for _main_init
    entry.o(.ARM.Collect$$$$00000000) refers (Special) to entry5.o(.ARM.Collect$$$$00000004) for _main_scatterload
    entry.o(.ARM.Collect$$$$00000000) refers (Special) to entry2.o(.ARM.Collect$$$$00000001) for _main_stk
    uldiv.o(.text) refers to llushr.o(.text) for __aeabi_llsr
    uldiv.o(.text) refers to llshl.o(.text) for __aeabi_llsl
    fadd.o(.text) refers (Special) to iusefp.o(.text) for __I$use$fp
    fadd.o(.text) refers to fepilogue.o(.text) for _float_epilogue
    fmul.o(.text) refers (Special) to iusefp.o(.text) for __I$use$fp
    fdiv.o(.text) refers (Special) to iusefp.o(.text) for __I$use$fp
    fdiv.o(.text) refers to fepilogue.o(.text) for _float_round
    dadd.o(.text) refers (Special) to iusefp.o(.text) for __I$use$fp
    dadd.o(.text) refers to llshl.o(.text) for __aeabi_llsl
    dadd.o(.text) refers to llsshr.o(.text) for __aeabi_lasr
    dadd.o(.text) refers to depilogue.o(.text) for _double_epilogue
    ddiv.o(.text) refers (Special) to iusefp.o(.text) for __I$use$fp
    ddiv.o(.text) refers to depilogue.o(.text) for _double_round
    fflti.o(.text) refers (Special) to iusefp.o(.text) for __I$use$fp
    fflti.o(.text) refers to fepilogue.o(.text) for _float_epilogue
    ffltui.o(.text) refers (Special) to iusefp.o(.text) for __I$use$fp
    ffltui.o(.text) refers to fepilogue.o(.text) for _float_epilogue
    f2d.o(.text) refers (Special) to iusefp.o(.text) for __I$use$fp
    d2f.o(.text) refers (Special) to iusefp.o(.text) for __I$use$fp
    d2f.o(.text) refers to fepilogue.o(.text) for _float_round
    cfcmple.o(.text) refers (Special) to iusefp.o(.text) for __I$use$fp
    cfrcmple.o(.text) refers (Special) to iusefp.o(.text) for __I$use$fp
    fpclassifyf.o(i.__ARM_fpclassifyf) refers (Special) to iusefp.o(.text) for __I$use$fp
    funder.o(i.__mathlib_flt_underflow) refers to fscalb.o(.text) for __ARM_scalbnf
    entry2.o(.ARM.Collect$$$$00000001) refers to entry2.o(.ARM.Collect$$$$00002712) for __lit__00000000
    entry2.o(.ARM.Collect$$$$00002712) refers to startup_lpc17xx.o(STACK) for __initial_sp
    entry2.o(__vectab_stack_and_reset_area) refers to startup_lpc17xx.o(STACK) for __initial_sp
    entry2.o(__vectab_stack_and_reset_area) refers to entry.o(.ARM.Collect$$$$00000000) for __main
    entry5.o(.ARM.Collect$$$$00000004) refers to init.o(.text) for __scatterload
    entry8.o(.ARM.Collect$$$$00000009) refers to main.o(.text) for main
    errno.o(i.__aeabi_errno_addr) refers to errno.o(.data) for .data
    errno.o(i.__read_errno) refers to errno.o(.data) for .data
    errno.o(i.__set_errno) refers to errno.o(.data) for .data
    fsqrt.o(.text) refers to fepilogue.o(.text) for _float_round
    depilogue.o(.text) refers to llshl.o(.text) for __aeabi_llsl
    depilogue.o(.text) refers to llushr.o(.text) for __aeabi_llsr
    init.o(.text) refers to entry5.o(.ARM.Collect$$$$00000004) for __main_after_scatterload
    glcd_scroll.o(i.last_line) refers to glcd_scroll.o(.data) for cache_start
    glcd_scroll.o(i.last_window_line) refers to glcd_scroll.o(.data) for window_start


==============================================================================

Removing Unused input sections from the image.

    Removing startup_lpc17xx.o(HEAP), (0 bytes).
    Removing system_lpc17xx.o(.rev16_text), (4 bytes).
    Removing system_lpc17xx.o(.revsh_text), (4 bytes).
    Removing glcd_spi_lpc1700.o(.rev16_text), (4 bytes).
    Removing glcd_spi_lpc1700.o(.revsh_text), (4 bytes).
    Removing led.o(.rev16_text), (4 bytes).
    Removing led.o(.revsh_text), (4 bytes).
    Removing main.o(.rev16_text), (4 bytes).
    Removing main.o(.revsh_text), (4 bytes).
    Removing kbd.o(.rev16_text), (4 bytes).
    Removing kbd.o(.revsh_text), (4 bytes).
    Removing kbd.o(.data), (8 bytes).
    Removing adc.o(.rev16_text), (4 bytes).
    Removing adc.o(.revsh_text), (4 bytes).
    Removing ece_spi.o(.rev16_text), (4 bytes).
    Removing ece_spi.o(.revsh_text), (4 bytes).
    Removing ece_spi.o(.text), (252 bytes).
    Removing glcd_scroll.o(.rev16_text), (4 bytes).
    Removing glcd_scroll.o(.revsh_text), (4 bytes).
    Removing glcd_scroll.o(.text), (852 bytes).
    Removing glcd_scroll.o(.bss), (525 bytes).
    Removing glcd_scroll.o(.data), (20 bytes).
    Removing joystick.o(.rev16_text), (4 bytes).
    Removing joystick.o(.revsh_text), (4 bytes).
    Removing joystick.o(.text), (88 bytes).
    Removing mpu9250.o(.text), (2856 bytes).
    Removing mpu9250.o(.bss), (84 bytes).
    Removing mpu9250.o(.constdata), (34 bytes).
    Removing mpu9250.o(.data), (20 bytes).
    Removing potentiometer.o(.rev16_text), (4 bytes).
    Removing potentiometer.o(.revsh_text), (4 bytes).
    Removing potentiometer.o(.text), (108 bytes).
    Removing retarget.o(.text), (160 bytes).
    Removing retarget.o(.data), (12 bytes).
    Removing sensor_fusion.o(.text), (3624 bytes).
    Removing sensor_fusion.o(.data), (53 bytes).
    Removing timer.o(.rev16_text), (4 bytes).
    Removing timer.o(.revsh_text), (4 bytes).
    Removing timer.o(.text), (72 bytes).
    Removing uart.o(.rev16_text), (4 bytes).
    Removing uart.o(.revsh_text), (4 bytes).
    Removing rt_task.o(i.rt_tsk_pass), (48 bytes).
    Removing rt_task.o(i.rt_tsk_prio), (128 bytes).
    Removing rt_task.o(i.rt_tsk_self), (16 bytes).
    Removing rt_time.o(i.rt_itv_set), (24 bytes).
    Removing rt_time.o(i.rt_itv_wait), (44 bytes).
    Removing rt_time.o(i.rt_time_get), (12 bytes).
    Removing rt_system.o(.emb_text), (0 bytes).
    Removing rt_system.o(i.rt_psh_req), (32 bytes).
    Removing rt_system.o(i.rt_resume), (176 bytes).
    Removing rt_system.o(i.rt_suspend), (44 bytes).
    Removing rt_system.o(i.rt_tsk_lock), (80 bytes).
    Removing rt_system.o(i.rt_tsk_unlock), (80 bytes).
    Removing rt_list.o(i.rt_get_same_rdy_prio), (36 bytes).
    Removing rt_list.o(i.rt_psq_enq), (88 bytes).
    Removing rt_membox.o(i._calloc_box), (30 bytes).
    Removing rt_event.o(i.isr_evt_set), (40 bytes).
    Removing rt_event.o(i.rt_evt_clr), (28 bytes).
    Removing rt_event.o(i.rt_evt_get), (12 bytes).
    Removing rt_event.o(i.rt_evt_set), (96 bytes).
    Removing rt_event.o(i.rt_evt_wait), (64 bytes).
    Removing rt_mailbox.o(i.isr_mbx_receive), (84 bytes).
    Removing rt_mailbox.o(i.isr_mbx_send), (14 bytes).
    Removing rt_mailbox.o(i.rt_mbx_check), (8 bytes).
    Removing rt_mailbox.o(i.rt_mbx_init), (26 bytes).
    Removing rt_mailbox.o(i.rt_mbx_send), (160 bytes).
    Removing rt_mailbox.o(i.rt_mbx_wait), (184 bytes).
    Removing rt_semaphore.o(i.isr_sem_send), (16 bytes).
    Removing rt_semaphore.o(i.rt_sem_init), (12 bytes).
    Removing rt_semaphore.o(i.rt_sem_send), (56 bytes).
    Removing rt_semaphore.o(i.rt_sem_wait), (60 bytes).
    Removing rt_timer.o(i.rt_tmr_create), (80 bytes).
    Removing rt_timer.o(i.rt_tmr_kill), (52 bytes).
    Removing fadd.o(.text), (176 bytes).
    Removing fmul.o(.text), (108 bytes).
    Removing fdiv.o(.text), (128 bytes).
    Removing dadd.o(.text), (334 bytes).
    Removing ddiv.o(.text), (222 bytes).
    Removing fflti.o(.text), (18 bytes).
    Removing ffltui.o(.text), (10 bytes).
    Removing f2d.o(.text), (38 bytes).
    Removing d2f.o(.text), (56 bytes).
    Removing cfcmple.o(.text), (20 bytes).
    Removing cfrcmple.o(.text), (20 bytes).
    Removing fepilogue.o(.text), (108 bytes).
    Removing fscalb.o(.text), (24 bytes).
    Removing fsqrt.o(.text), (94 bytes).
    Removing depilogue.o(.text), (190 bytes).
    Removing glcd_scroll.o(i.last_line), (32 bytes).
    Removing glcd_scroll.o(i.last_window_line), (32 bytes).

90 unused section(s) (total 12304 bytes) removed from the image.

==============================================================================

Image Symbol Table

    Local Symbols

    Symbol Name                              Value     Ov Type        Size  Object(Section)

    RESET                                    0x00000000   Section      204  startup_lpc17xx.o(RESET)
    ../clib/microlib/division.c              0x00000000   Number         0  uldiv.o ABSOLUTE
    ../clib/microlib/errno.c                 0x00000000   Number         0  errno.o ABSOLUTE
    ../clib/microlib/init/entry.s            0x00000000   Number         0  entry5.o ABSOLUTE
    ../clib/microlib/init/entry.s            0x00000000   Number         0  entry.o ABSOLUTE
    ../clib/microlib/init/entry.s            0x00000000   Number         0  entry8.o ABSOLUTE
    ../clib/microlib/init/entry.s            0x00000000   Number         0  entry7b.o ABSOLUTE
    ../clib/microlib/init/entry.s            0x00000000   Number         0  entry7a.o ABSOLUTE
    ../clib/microlib/init/entry.s            0x00000000   Number         0  entry2.o ABSOLUTE
    ../clib/microlib/longlong.c              0x00000000   Number         0  llsshr.o ABSOLUTE
    ../clib/microlib/longlong.c              0x00000000   Number         0  llushr.o ABSOLUTE
    ../clib/microlib/longlong.c              0x00000000   Number         0  llshl.o ABSOLUTE
    ../clib/microlib/string/memcpy.c         0x00000000   Number         0  memcpyb.o ABSOLUTE
    ../clib/microlib/string/memcpy.c         0x00000000   Number         0  memcpya.o ABSOLUTE
    ../clib/microlib/stubs.s                 0x00000000   Number         0  iusefp.o ABSOLUTE
    ../fplib/microlib/d2f.c                  0x00000000   Number         0  d2f.o ABSOLUTE
    ../fplib/microlib/f2d.c                  0x00000000   Number         0  f2d.o ABSOLUTE
    ../fplib/microlib/fpadd.c                0x00000000   Number         0  fadd.o ABSOLUTE
    ../fplib/microlib/fpadd.c                0x00000000   Number         0  dadd.o ABSOLUTE
    ../fplib/microlib/fpdiv.c                0x00000000   Number         0  ddiv.o ABSOLUTE
    ../fplib/microlib/fpdiv.c                0x00000000   Number         0  fdiv.o ABSOLUTE
    ../fplib/microlib/fpepilogue.c           0x00000000   Number         0  fepilogue.o ABSOLUTE
    ../fplib/microlib/fpepilogue.c           0x00000000   Number         0  depilogue.o ABSOLUTE
    ../fplib/microlib/fpflt.c                0x00000000   Number         0  fflti.o ABSOLUTE
    ../fplib/microlib/fpflt.c                0x00000000   Number         0  ffltui.o ABSOLUTE
    ../fplib/microlib/fpmul.c                0x00000000   Number         0  fmul.o ABSOLUTE
    ../fplib/microlib/fpscalb.c              0x00000000   Number         0  fscalb.o ABSOLUTE
    ../fplib/microlib/fpsqrt.c               0x00000000   Number         0  fsqrt.o ABSOLUTE
    ../mathlib/asinf.c                       0x00000000   Number         0  asinf_x.o ABSOLUTE
    ../mathlib/asinf.c                       0x00000000   Number         0  asinf.o ABSOLUTE
    ../mathlib/atan2f.c                      0x00000000   Number         0  atan2f.o ABSOLUTE
    ../mathlib/atan2f.c                      0x00000000   Number         0  atan2f_x.o ABSOLUTE
    ../mathlib/fpclassifyf.c                 0x00000000   Number         0  fpclassifyf.o ABSOLUTE
    ../mathlib/funder.c                      0x00000000   Number         0  funder.o ABSOLUTE
    ../mathlib/sqrtf.c                       0x00000000   Number         0  sqrtf.o ABSOLUTE
    ../mathlib/sqrtf.c                       0x00000000   Number         0  sqrtf_x.o ABSOLUTE
    ADC.c                                    0x00000000   Number         0  adc.o ABSOLUTE
    ADC.c                                    0x00000000   Number         0  adc.o ABSOLUTE
    GLCD_SPI_LPC1700.c                       0x00000000   Number         0  glcd_spi_lpc1700.o ABSOLUTE
    GLCD_SPI_LPC1700.c                       0x00000000   Number         0  glcd_spi_lpc1700.o ABSOLUTE
    GLCD_Scroll.c                            0x00000000   Number         0  glcd_scroll.o ABSOLUTE
    GLCD_Scroll.c                            0x00000000   Number         0  glcd_scroll.o ABSOLUTE
    KBD.c                                    0x00000000   Number         0  kbd.o ABSOLUTE
    KBD.c                                    0x00000000   Number         0  kbd.o ABSOLUTE
    LED.c                                    0x00000000   Number         0  led.o ABSOLUTE
    LED.c                                    0x00000000   Number         0  led.o ABSOLUTE
    MPU9250.c                                0x00000000   Number         0  mpu9250.o ABSOLUTE
    Main.c                                   0x00000000   Number         0  main.o ABSOLUTE
    Main.c                                   0x00000000   Number         0  main.o ABSOLUTE
    RTX_Conf_CM.c                            0x00000000   Number         0  rtx_conf_cm.o ABSOLUTE
    Retarget.c                               0x00000000   Number         0  retarget.o ABSOLUTE
    SRC\CM\HAL_CM3.c                         0x00000000   Number         0  hal_cm3.o ABSOLUTE
    SRC\CM\SVC_Table.s                       0x00000000   Number         0  SVC_Table.o ABSOLUTE
    SRC\CM\rt_Event.c                        0x00000000   Number         0  rt_event.o ABSOLUTE
    SRC\CM\rt_List.c                         0x00000000   Number         0  rt_list.o ABSOLUTE
    SRC\CM\rt_Mailbox.c                      0x00000000   Number         0  rt_mailbox.o ABSOLUTE
    SRC\CM\rt_MemBox.c                       0x00000000   Number         0  rt_membox.o ABSOLUTE
    SRC\CM\rt_Mutex.c                        0x00000000   Number         0  rt_mutex.o ABSOLUTE
    SRC\CM\rt_Robin.c                        0x00000000   Number         0  rt_robin.o ABSOLUTE
    SRC\CM\rt_Semaphore.c                    0x00000000   Number         0  rt_semaphore.o ABSOLUTE
    SRC\CM\rt_System.c                       0x00000000   Number         0  rt_system.o ABSOLUTE
    SRC\CM\rt_Task.c                         0x00000000   Number         0  rt_task.o ABSOLUTE
    SRC\CM\rt_Time.c                         0x00000000   Number         0  rt_time.o ABSOLUTE
    SRC\CM\rt_Timer.c                        0x00000000   Number         0  rt_timer.o ABSOLUTE
    SRC\\CM\\HAL_CM3.c                       0x00000000   Number         0  hal_cm3.o ABSOLUTE
    SRC\\CM\\rt_System.c                     0x00000000   Number         0  rt_system.o ABSOLUTE
    cfcmple.s                                0x00000000   Number         0  cfcmple.o ABSOLUTE
    cfrcmple.s                               0x00000000   Number         0  cfrcmple.o ABSOLUTE
    dc.s                                     0x00000000   Number         0  dc.o ABSOLUTE
    ece_spi.c                                0x00000000   Number         0  ece_spi.o ABSOLUTE
    ece_spi.c                                0x00000000   Number         0  ece_spi.o ABSOLUTE
    handlers.s                               0x00000000   Number         0  handlers.o ABSOLUTE
    init.s                                   0x00000000   Number         0  init.o ABSOLUTE
    joystick.c                               0x00000000   Number         0  joystick.o ABSOLUTE
    joystick.c                               0x00000000   Number         0  joystick.o ABSOLUTE
    potentiometer.c                          0x00000000   Number         0  potentiometer.o ABSOLUTE
    potentiometer.c                          0x00000000   Number         0  potentiometer.o ABSOLUTE
    sensor_fusion.c                          0x00000000   Number         0  sensor_fusion.o ABSOLUTE
    startup_LPC17xx.s                        0x00000000   Number         0  startup_lpc17xx.o ABSOLUTE
    system_LPC17xx.c                         0x00000000   Number         0  system_lpc17xx.o ABSOLUTE
    system_LPC17xx.c                         0x00000000   Number         0  system_lpc17xx.o ABSOLUTE
    timer.c                                  0x00000000   Number         0  timer.o ABSOLUTE
    timer.c                                  0x00000000   Number         0  timer.o ABSOLUTE
    uart.c                                   0x00000000   Number         0  uart.o ABSOLUTE
    uart.c                                   0x00000000   Number         0  uart.o ABSOLUTE
    .ARM.Collect$$$$00000000                 0x000000cc   Section        0  entry.o(.ARM.Collect$$$$00000000)
    .ARM.Collect$$$$00000001                 0x000000cc   Section        4  entry2.o(.ARM.Collect$$$$00000001)
    .ARM.Collect$$$$00000004                 0x000000d0   Section        4  entry5.o(.ARM.Collect$$$$00000004)
    .ARM.Collect$$$$00000008                 0x000000d4   Section        0  entry7b.o(.ARM.Collect$$$$00000008)
    .ARM.Collect$$$$00000009                 0x000000d4   Section        8  entry8.o(.ARM.Collect$$$$00000009)
    .ARM.Collect$$$$00002712                 0x000000dc   Section        4  entry2.o(.ARM.Collect$$$$00002712)
    __lit__00000000                          0x000000dc   Data           4  entry2.o(.ARM.Collect$$$$00002712)
    .emb_text                                0x000000e0   Section      340  hal_cm3.o(.emb_text)
    .text                                    0x00000234   Section       36  startup_lpc17xx.o(.text)
    .text                                    0x00000258   Section        0  rtx_conf_cm.o(.text)
    .text                                    0x00000264   Section        0  led.o(.text)
    SVC_TABLE                                0x000002e8   Section        4  SVC_Table.o(SVC_TABLE)
    i.__scatterload_copy                     0x000002ec   Section       14  handlers.o(i.__scatterload_copy)
    i.__scatterload_null                     0x000002fa   Section        2  handlers.o(i.__scatterload_null)
    .ARM.__at_0x02FC                         0x000002fc   Section        4  startup_lpc17xx.o(.ARM.__at_0x02FC)
    .text                                    0x00000300   Section        0  system_lpc17xx.o(.text)
    .text                                    0x00000618   Section        0  glcd_spi_lpc1700.o(.text)
    delay                                    0x00000619   Thumb Code    14  glcd_spi_lpc1700.o(.text)
    spi_tran_man                             0x00000627   Thumb Code   124  glcd_spi_lpc1700.o(.text)
    wr_cmd                                   0x000006a3   Thumb Code    36  glcd_spi_lpc1700.o(.text)
    wr_dat                                   0x000006c7   Thumb Code    36  glcd_spi_lpc1700.o(.text)
    rd_reg                                   0x000006eb   Thumb Code    66  glcd_spi_lpc1700.o(.text)
    rd_id_man                                0x0000072d   Thumb Code   132  glcd_spi_lpc1700.o(.text)
    spi_tran                                 0x0000114b   Thumb Code    26  glcd_spi_lpc1700.o(.text)
    wr_dat_start                             0x00001165   Thumb Code    16  glcd_spi_lpc1700.o(.text)
    wr_dat_stop                              0x00001175   Thumb Code     8  glcd_spi_lpc1700.o(.text)
    wr_dat_only                              0x0000117d   Thumb Code    18  glcd_spi_lpc1700.o(.text)
    wr_reg                                   0x0000118f   Thumb Code    20  glcd_spi_lpc1700.o(.text)
    .text                                    0x000011bc   Section        0  main.o(.text)
    .text                                    0x00001470   Section        0  kbd.o(.text)
    .text                                    0x000014c4   Section        0  adc.o(.text)
    .text                                    0x0000152c   Section        0  uart.o(.text)
    NVIC_EnableIRQ                           0x00001885   Thumb Code    24  uart.o(.text)
    .text                                    0x000018d8   Section        0  uldiv.o(.text)
    .text                                    0x0000193a   Section        0  llshl.o(.text)
    .text                                    0x00001958   Section        0  llushr.o(.text)
    .text                                    0x00001978   Section       36  init.o(.text)
    i.__scatterload_zeroinit                 0x0000199c   Section       14  handlers.o(i.__scatterload_zeroinit)
    i._init_box                              0x000019aa   Section        0  rt_membox.o(i._init_box)
    i.dbg_init                               0x000019f0   Section        0  hal_cm3.o(i.dbg_init)
    i.dbg_task_notify                        0x00001a20   Section        0  hal_cm3.o(i.dbg_task_notify)
    i.dbg_task_switch                        0x00001a40   Section        0  hal_cm3.o(i.dbg_task_switch)
    i.os_tick_init                           0x00001a50   Section        0  rt_system.o(i.os_tick_init)
    i.os_tick_irqack                         0x00001a78   Section        0  rt_system.o(i.os_tick_irqack)
    i.rt_alloc_box                           0x00001a7a   Section        0  rt_membox.o(i.rt_alloc_box)
    i.rt_block                               0x00001a94   Section        0  rt_task.o(i.rt_block)
    i.rt_chk_robin                           0x00001acc   Section        0  rt_robin.o(i.rt_chk_robin)
    i.rt_dec_dly                             0x00001b14   Section        0  rt_list.o(i.rt_dec_dly)
    i.rt_dispatch                            0x00001b88   Section        0  rt_task.o(i.rt_dispatch)
    i.rt_dly_wait                            0x00001bcc   Section        0  rt_time.o(i.rt_dly_wait)
    i.rt_evt_psh                             0x00001bd4   Section        0  rt_event.o(i.rt_evt_psh)
    i.rt_free_box                            0x00001c20   Section        0  rt_membox.o(i.rt_free_box)
    i.rt_get_first                           0x00001c40   Section        0  rt_list.o(i.rt_get_first)
    i.rt_init_context                        0x00001c68   Section        0  rt_task.o(i.rt_init_context)
    rt_init_context                          0x00001c69   Thumb Code    64  rt_task.o(i.rt_init_context)
    i.rt_init_robin                          0x00001cac   Section        0  rt_robin.o(i.rt_init_robin)
    i.rt_init_stack                          0x00001cc4   Section        0  hal_cm3.o(i.rt_init_stack)
    i.rt_mbx_psh                             0x00001d14   Section        0  rt_mailbox.o(i.rt_mbx_psh)
    i.rt_mut_init                            0x00001dd4   Section        0  rt_mutex.o(i.rt_mut_init)
    i.rt_mut_release                         0x00001de4   Section        0  rt_mutex.o(i.rt_mut_release)
    i.rt_mut_wait                            0x00001e90   Section        0  rt_mutex.o(i.rt_mut_wait)
    i.rt_pop_req                             0x00001ef4   Section        0  rt_system.o(i.rt_pop_req)
    i.rt_put_dly                             0x00001f6c   Section        0  rt_list.o(i.rt_put_dly)
    i.rt_put_prio                            0x00001fb4   Section        0  rt_list.o(i.rt_put_prio)
    i.rt_put_rdy_first                       0x00001fec   Section        0  rt_list.o(i.rt_put_rdy_first)
    i.rt_resort_prio                         0x00002000   Section        0  rt_list.o(i.rt_resort_prio)
    i.rt_rmv_dly                             0x00002034   Section        0  rt_list.o(i.rt_rmv_dly)
    i.rt_rmv_list                            0x0000205c   Section        0  rt_list.o(i.rt_rmv_list)
    i.rt_sem_psh                             0x0000208c   Section        0  rt_semaphore.o(i.rt_sem_psh)
    i.rt_stk_check                           0x000020c0   Section        0  rt_system.o(i.rt_stk_check)
    i.rt_switch_req                          0x000020e4   Section        0  rt_task.o(i.rt_switch_req)
    i.rt_sys_init                            0x0000210c   Section        0  rt_task.o(i.rt_sys_init)
    i.rt_systick                             0x00002264   Section        0  rt_system.o(i.rt_systick)
    i.rt_tmr_tick                            0x000022a0   Section        0  rt_timer.o(i.rt_tmr_tick)
    i.rt_tsk_create                          0x000022e0   Section        0  rt_task.o(i.rt_tsk_create)
    i.rt_tsk_delete                          0x00002374   Section        0  rt_task.o(i.rt_tsk_delete)
    .constdata                               0x00002430   Section       40  rtx_conf_cm.o(.constdata)
    __tagsym$$used                           0x00002444   Number         0  rtx_conf_cm.o(.constdata)
    __tagsym$$used                           0x00002448   Number         0  rtx_conf_cm.o(.constdata)
    .constdata                               0x00002458   Section     6272  glcd_spi_lpc1700.o(.constdata)
    .constdata                               0x00003cd8   Section        8  led.o(.constdata)
    .data                                    0x10000000   Section        4  system_lpc17xx.o(.data)
    .data                                    0x10000004   Section        4  rtx_conf_cm.o(.data)
    .data                                    0x10000008   Section        5  glcd_spi_lpc1700.o(.data)
    Color                                    0x10000008   Data           4  glcd_spi_lpc1700.o(.data)
    Himax                                    0x1000000c   Data           1  glcd_spi_lpc1700.o(.data)
    .data                                    0x10000010   Section       32  main.o(.data)
    .data                                    0x10000030   Section       32  uart.o(.data)
    .data                                    0x10000050   Section        8  rt_task.o(.data)
    .data                                    0x10000058   Section        4  rt_time.o(.data)
    .data                                    0x1000005c   Section        1  hal_cm3.o(.data)
    .data                                    0x10000060   Section        8  rt_system.o(.data)
    os_lock                                  0x10000060   Data           1  rt_system.o(.data)
    os_psh_flag                              0x10000061   Data           1  rt_system.o(.data)
    pend_flags                               0x10000062   Data           1  rt_system.o(.data)
    .data                                    0x10000068   Section        8  rt_robin.o(.data)
    .data                                    0x10000070   Section        8  rt_timer.o(.data)
    .bss                                     0x10000078   Section     2128  rtx_conf_cm.o(.bss)
    .bss                                     0x100008c8   Section       12  main.o(.bss)
    .bss                                     0x100008d4   Section      128  uart.o(.bss)
    .bss                                     0x10000954   Section       48  rt_task.o(.bss)
    .bss                                     0x10000984   Section       48  rt_list.o(.bss)
    STACK                                    0x100009b8   Section      512  startup_lpc17xx.o(STACK)

    Global Symbols

    Symbol Name                              Value     Ov Type        Size  Object(Section)

    BuildAttributes$$THM_ISAv4$P$D$K$B$S$PE$A:L22UL41UL21$X:L11$S22US41US21$IEEE1$IW$USESV6$~STKCKD$USESV7$~SHL$OTIME$ROPI$IEEEX$EBA8$MICROLIB$REQ8$PRES8$EABIv2 0x00000000   Number         0  anon$$obj.o ABSOLUTE
    __ARM_use_no_argv                        0x00000000   Number         0  main.o ABSOLUTE
    __Vectors                                0x00000000   Data           4  startup_lpc17xx.o(RESET)
    __decompress                              - Undefined Weak Reference
    _clock_init                               - Undefined Weak Reference
    __main                                   0x000000cd   Thumb Code     0  entry.o(.ARM.Collect$$$$00000000)
    _main_stk                                0x000000cd   Thumb Code     0  entry2.o(.ARM.Collect$$$$00000001)
    _main_scatterload                        0x000000d1   Thumb Code     0  entry5.o(.ARM.Collect$$$$00000004)
    __main_after_scatterload                 0x000000d5   Thumb Code     0  entry5.o(.ARM.Collect$$$$00000004)
    _main_clock                              0x000000d5   Thumb Code     0  entry7b.o(.ARM.Collect$$$$00000008)
    _main_init                               0x000000d5   Thumb Code     0  entry8.o(.ARM.Collect$$$$00000009)
    rt_set_PSP                               0x000000e1   Thumb Code     6  hal_cm3.o(.emb_text)
    rt_get_PSP                               0x000000e7   Thumb Code     6  hal_cm3.o(.emb_text)
    os_set_env                               0x000000ed   Thumb Code    24  hal_cm3.o(.emb_text)
    _alloc_box                               0x00000109   Thumb Code    28  hal_cm3.o(.emb_text)
    _free_box                                0x00000129   Thumb Code    28  hal_cm3.o(.emb_text)
    SVC_Handler                              0x00000149   Thumb Code   124  hal_cm3.o(.emb_text)
    PendSV_Handler                           0x000001d1   Thumb Code    76  hal_cm3.o(.emb_text)
    SysTick_Handler                          0x00000221   Thumb Code     8  hal_cm3.o(.emb_text)
    OS_Tick_Handler                          0x00000229   Thumb Code    12  hal_cm3.o(.emb_text)
    Reset_Handler                            0x00000235   Thumb Code     8  startup_lpc17xx.o(.text)
    NMI_Handler                              0x0000023d   Thumb Code     2  startup_lpc17xx.o(.text)
    HardFault_Handler                        0x0000023f   Thumb Code     2  startup_lpc17xx.o(.text)
    MemManage_Handler                        0x00000241   Thumb Code     2  startup_lpc17xx.o(.text)
    BusFault_Handler                         0x00000243   Thumb Code     2  startup_lpc17xx.o(.text)
    UsageFault_Handler                       0x00000245   Thumb Code     2  startup_lpc17xx.o(.text)
    DebugMon_Handler                         0x00000249   Thumb Code     2  startup_lpc17xx.o(.text)
    BOD_IRQHandler                           0x0000024f   Thumb Code     0  startup_lpc17xx.o(.text)
    CANActivity_IRQHandler                   0x0000024f   Thumb Code     0  startup_lpc17xx.o(.text)
    CAN_IRQHandler                           0x0000024f   Thumb Code     0  startup_lpc17xx.o(.text)
    DMA_IRQHandler                           0x0000024f   Thumb Code     0  startup_lpc17xx.o(.text)
    EINT0_IRQHandler                         0x0000024f   Thumb Code     0  startup_lpc17xx.o(.text)
    EINT1_IRQHandler                         0x0000024f   Thumb Code     0  startup_lpc17xx.o(.text)
    EINT2_IRQHandler                         0x0000024f   Thumb Code     0  startup_lpc17xx.o(.text)
    EINT3_IRQHandler                         0x0000024f   Thumb Code     0  startup_lpc17xx.o(.text)
    ENET_IRQHandler                          0x0000024f   Thumb Code     0  startup_lpc17xx.o(.text)
    I2C0_IRQHandler                          0x0000024f   Thumb Code     0  startup_lpc17xx.o(.text)
    I2C1_IRQHandler                          0x0000024f   Thumb Code     0  startup_lpc17xx.o(.text)
    I2C2_IRQHandler                          0x0000024f   Thumb Code     0  startup_lpc17xx.o(.text)
    I2S_IRQHandler                           0x0000024f   Thumb Code     0  startup_lpc17xx.o(.text)
    MCPWM_IRQHandler                         0x0000024f   Thumb Code     0  startup_lpc17xx.o(.text)
    PLL0_IRQHandler                          0x0000024f   Thumb Code     0  startup_lpc17xx.o(.text)
    PLL1_IRQHandler                          0x0000024f   Thumb Code     0  startup_lpc17xx.o(.text)
    PWM1_IRQHandler                          0x0000024f   Thumb Code     0  startup_lpc17xx.o(.text)
    QEI_IRQHandler                           0x0000024f   Thumb Code     0  startup_lpc17xx.o(.text)
    RIT_IRQHandler                           0x0000024f   Thumb Code     0  startup_lpc17xx.o(.text)
    RTC_IRQHandler                           0x0000024f   Thumb Code     0  startup_lpc17xx.o(.text)
    SPI_IRQHandler                           0x0000024f   Thumb Code     0  startup_lpc17xx.o(.text)
    SSP0_IRQHandler                          0x0000024f   Thumb Code     0  startup_lpc17xx.o(.text)
    SSP1_IRQHandler                          0x0000024f   Thumb Code     0  startup_lpc17xx.o(.text)
    TIMER0_IRQHandler                        0x0000024f   Thumb Code     0  startup_lpc17xx.o(.text)
    TIMER1_IRQHandler                        0x0000024f   Thumb Code     0  startup_lpc17xx.o(.text)
    TIMER2_IRQHandler                        0x0000024f   Thumb Code     0  startup_lpc17xx.o(.text)
    TIMER3_IRQHandler                        0x0000024f   Thumb Code     0  startup_lpc17xx.o(.text)
    UART2_IRQHandler                         0x0000024f   Thumb Code     0  startup_lpc17xx.o(.text)
    UART3_IRQHandler                         0x0000024f   Thumb Code     0  startup_lpc17xx.o(.text)
    USBActivity_IRQHandler                   0x0000024f   Thumb Code     0  startup_lpc17xx.o(.text)
    USB_IRQHandler                           0x0000024f   Thumb Code     0  startup_lpc17xx.o(.text)
    WDT_IRQHandler                           0x0000024f   Thumb Code     0  startup_lpc17xx.o(.text)
    os_idle_demon                            0x00000259   Thumb Code     4  rtx_conf_cm.o(.text)
    os_tmr_call                              0x0000025d   Thumb Code     2  rtx_conf_cm.o(.text)
    os_error                                 0x0000025f   Thumb Code     4  rtx_conf_cm.o(.text)
    LED_setup                                0x00000265   Thumb Code    34  led.o(.text)
    LED_set                                  0x00000287   Thumb Code    26  led.o(.text)
    LED_clear                                0x000002a1   Thumb Code    26  led.o(.text)
    LED_display                              0x000002bb   Thumb Code    38  led.o(.text)
    SVC_Count                                0x000002e8   Data           4  SVC_Table.o(SVC_TABLE)
    SVC_Table                                0x000002ec   Data           0  SVC_Table.o(SVC_TABLE)
    __scatterload_copy                       0x000002ed   Thumb Code    14  handlers.o(i.__scatterload_copy)
    __scatterload_null                       0x000002fb   Thumb Code     2  handlers.o(i.__scatterload_null)
    SystemCoreClockUpdate                    0x00000301   Thumb Code   424  system_lpc17xx.o(.text)
    __RL_RTX_VER                             0x00000460   Number         0  rt_system.o ABSOLUTE
    SystemInit                               0x000004a9   Thumb Code   290  system_lpc17xx.o(.text)
    GLCD_Init                                0x000007b1   Thumb Code  1514  glcd_spi_lpc1700.o(.text)
    GLCD_SetWindow                           0x00000d9b   Thumb Code   168  glcd_spi_lpc1700.o(.text)
    GLCD_WindowMax                           0x00000e43   Thumb Code    26  glcd_spi_lpc1700.o(.text)
    GLCD_PutPixel                            0x00000e5d   Thumb Code   118  glcd_spi_lpc1700.o(.text)
    GLCD_SetTextColor                        0x00000ed3   Thumb Code     6  glcd_spi_lpc1700.o(.text)
    GLCD_SetBackColor                        0x00000ed9   Thumb Code     6  glcd_spi_lpc1700.o(.text)
    GLCD_Clear                               0x00000edf   Thumb Code    42  glcd_spi_lpc1700.o(.text)
    GLCD_DrawChar                            0x00000f09   Thumb Code   150  glcd_spi_lpc1700.o(.text)
    GLCD_DisplayChar                         0x00000f9f   Thumb Code    84  glcd_spi_lpc1700.o(.text)
    GLCD_DisplayString                       0x00000ff3   Thumb Code    40  glcd_spi_lpc1700.o(.text)
    GLCD_ClearLn                             0x0000101b   Thumb Code    94  glcd_spi_lpc1700.o(.text)
    GLCD_Bargraph                            0x00001079   Thumb Code    98  glcd_spi_lpc1700.o(.text)
    GLCD_Bitmap                              0x000010db   Thumb Code    82  glcd_spi_lpc1700.o(.text)
    GLCD_ScrollVertical                      0x0000112d   Thumb Code     2  glcd_spi_lpc1700.o(.text)
    GLCD_WrCmd                               0x0000112f   Thumb Code    12  glcd_spi_lpc1700.o(.text)
    GLCD_WrReg                               0x0000113b   Thumb Code    16  glcd_spi_lpc1700.o(.text)
    LED_on                                   0x000011bd   Thumb Code    60  main.o(.text)
    LED_off                                  0x000011f9   Thumb Code    60  main.o(.text)
    led                                      0x00001235   Thumb Code    48  main.o(.text)
    keyread                                  0x00001265   Thumb Code    24  main.o(.text)
    adc                                      0x0000127d   Thumb Code     4  main.o(.text)
    joystick                                 0x00001281   Thumb Code     4  main.o(.text)
    lcd                                      0x00001285   Thumb Code   164  main.o(.text)
    init                                     0x00001329   Thumb Code   116  main.o(.text)
    main                                     0x0000139d   Thumb Code    70  main.o(.text)
    KBD_Init                                 0x00001471   Thumb Code    50  kbd.o(.text)
    KBD_Get                                  0x000014a3   Thumb Code    12  kbd.o(.text)
    INT0_Get                                 0x000014af   Thumb Code    10  kbd.o(.text)
    ADC_Init                                 0x000014c5   Thumb Code    50  adc.o(.text)
    ADC_IRQHandler                           0x000014f7   Thumb Code    22  adc.o(.text)
    ADC_ConverstionStart                     0x0000150d   Thumb Code     2  adc.o(.text)
    Free                                     0x0000152d   Thumb Code     6  uart.o(.text)
    Lock                                     0x00001533   Thumb Code    28  uart.o(.text)
    LockRcv                                  0x0000154f   Thumb Code    28  uart.o(.text)
    LockSnd                                  0x0000156b   Thumb Code    28  uart.o(.text)
    FreeRcv                                  0x00001587   Thumb Code    28  uart.o(.text)
    FreeSnd                                  0x000015a3   Thumb Code    28  uart.o(.text)
    UART0_IRQHandler                         0x000015bf   Thumb Code    86  uart.o(.text)
    UART1_IRQHandler                         0x00001615   Thumb Code    88  uart.o(.text)
    getFrequency                             0x0000166d   Thumb Code    64  uart.o(.text)
    UARTInit                                 0x000016ad   Thumb Code   176  uart.o(.text)
    UARTSend                                 0x0000175d   Thumb Code   112  uart.o(.text)
    UARTSendChar                             0x000017cd   Thumb Code    24  uart.o(.text)
    UARTRecieve                              0x000017e5   Thumb Code   134  uart.o(.text)
    UARTReceiveChar                          0x0000186b   Thumb Code    26  uart.o(.text)
    __aeabi_uldivmod                         0x000018d9   Thumb Code    98  uldiv.o(.text)
    __aeabi_llsl                             0x0000193b   Thumb Code    30  llshl.o(.text)
    _ll_shift_l                              0x0000193b   Thumb Code     0  llshl.o(.text)
    __aeabi_llsr                             0x00001959   Thumb Code    32  llushr.o(.text)
    _ll_ushift_r                             0x00001959   Thumb Code     0  llushr.o(.text)
    __scatterload                            0x00001979   Thumb Code    28  init.o(.text)
    __scatterload_rt2                        0x00001979   Thumb Code     0  init.o(.text)
    __scatterload_zeroinit                   0x0000199d   Thumb Code    14  handlers.o(i.__scatterload_zeroinit)
    _init_box                                0x000019ab   Thumb Code    70  rt_membox.o(i._init_box)
    dbg_init                                 0x000019f1   Thumb Code    34  hal_cm3.o(i.dbg_init)
    dbg_task_notify                          0x00001a21   Thumb Code    32  hal_cm3.o(i.dbg_task_notify)
    dbg_task_switch                          0x00001a41   Thumb Code    16  hal_cm3.o(i.dbg_task_switch)
    os_tick_init                             0x00001a51   Thumb Code    32  rt_system.o(i.os_tick_init)
    os_tick_irqack                           0x00001a79   Thumb Code     2  rt_system.o(i.os_tick_irqack)
    rt_alloc_box                             0x00001a7b   Thumb Code    26  rt_membox.o(i.rt_alloc_box)
    rt_block                                 0x00001a95   Thumb Code    48  rt_task.o(i.rt_block)
    rt_chk_robin                             0x00001acd   Thumb Code    60  rt_robin.o(i.rt_chk_robin)
    rt_dec_dly                               0x00001b15   Thumb Code   106  rt_list.o(i.rt_dec_dly)
    rt_dispatch                              0x00001b89   Thumb Code    60  rt_task.o(i.rt_dispatch)
    rt_dly_wait                              0x00001bcd   Thumb Code     6  rt_time.o(i.rt_dly_wait)
    rt_evt_psh                               0x00001bd5   Thumb Code    72  rt_event.o(i.rt_evt_psh)
    rt_free_box                              0x00001c21   Thumb Code    32  rt_membox.o(i.rt_free_box)
    rt_get_first                             0x00001c41   Thumb Code    40  rt_list.o(i.rt_get_first)
    rt_init_robin                            0x00001cad   Thumb Code    14  rt_robin.o(i.rt_init_robin)
    rt_init_stack                            0x00001cc5   Thumb Code    70  hal_cm3.o(i.rt_init_stack)
    rt_mbx_psh                               0x00001d15   Thumb Code   188  rt_mailbox.o(i.rt_mbx_psh)
    rt_mut_init                              0x00001dd5   Thumb Code    16  rt_mutex.o(i.rt_mut_init)
    rt_mut_release                           0x00001de5   Thumb Code   164  rt_mutex.o(i.rt_mut_release)
    rt_mut_wait                              0x00001e91   Thumb Code    96  rt_mutex.o(i.rt_mut_wait)
    rt_pop_req                               0x00001ef5   Thumb Code   106  rt_system.o(i.rt_pop_req)
    rt_put_dly                               0x00001f6d   Thumb Code    68  rt_list.o(i.rt_put_dly)
    rt_put_prio                              0x00001fb5   Thumb Code    54  rt_list.o(i.rt_put_prio)
    rt_put_rdy_first                         0x00001fed   Thumb Code    14  rt_list.o(i.rt_put_rdy_first)
    rt_resort_prio                           0x00002001   Thumb Code    46  rt_list.o(i.rt_resort_prio)
    rt_rmv_dly                               0x00002035   Thumb Code    40  rt_list.o(i.rt_rmv_dly)
    rt_rmv_list                              0x0000205d   Thumb Code    44  rt_list.o(i.rt_rmv_list)
    rt_sem_psh                               0x0000208d   Thumb Code    46  rt_semaphore.o(i.rt_sem_psh)
    rt_stk_check                             0x000020c1   Thumb Code    28  rt_system.o(i.rt_stk_check)
    rt_switch_req                            0x000020e5   Thumb Code    30  rt_task.o(i.rt_switch_req)
    rt_sys_init                              0x0000210d   Thumb Code   266  rt_task.o(i.rt_sys_init)
    rt_systick                               0x00002265   Thumb Code    48  rt_system.o(i.rt_systick)
    rt_tmr_tick                              0x000022a1   Thumb Code    56  rt_timer.o(i.rt_tmr_tick)
    rt_tsk_create                            0x000022e1   Thumb Code   126  rt_task.o(i.rt_tsk_create)
    rt_tsk_delete                            0x00002375   Thumb Code   162  rt_task.o(i.rt_tsk_delete)
    os_maxtaskrun                            0x00002430   Data           2  rtx_conf_cm.o(.constdata)
    os_stackinfo                             0x00002434   Data           4  rtx_conf_cm.o(.constdata)
    os_rrobin                                0x00002438   Data           4  rtx_conf_cm.o(.constdata)
    os_trv                                   0x0000243c   Data           4  rtx_conf_cm.o(.constdata)
    os_flags                                 0x00002440   Data           1  rtx_conf_cm.o(.constdata)
    os_clockrate                             0x00002444   Data           4  rtx_conf_cm.o(.constdata)
    os_timernum                              0x00002448   Data           4  rtx_conf_cm.o(.constdata)
    mp_tcb_size                              0x0000244c   Data           2  rtx_conf_cm.o(.constdata)
    mp_stk_size                              0x00002450   Data           4  rtx_conf_cm.o(.constdata)
    os_fifo_size                             0x00002454   Data           1  rtx_conf_cm.o(.constdata)
    mp_tmr_size                              0x00002456   Data           2  rtx_conf_cm.o(.constdata)
    Font_6x8_h                               0x00002458   Data         896  glcd_spi_lpc1700.o(.constdata)
    Font_16x24_h                             0x000027d8   Data        5376  glcd_spi_lpc1700.o(.constdata)
    led_pos                                  0x00003cd8   Data           8  led.o(.constdata)
    Region$$Table$$Base                      0x00003ce0   Number         0  anon$$obj.o(Region$$Table)
    Region$$Table$$Limit                     0x00003d00   Number         0  anon$$obj.o(Region$$Table)
    SystemCoreClock                          0x10000000   Data           4  system_lpc17xx.o(.data)
    m_tmr                                    0x10000004   Data           4  rtx_conf_cm.o(.data)
    ADCStat                                  0x10000010   Data           4  main.o(.data)
    ADCValue                                 0x10000014   Data           4  main.o(.data)
    t_led                                    0x10000018   Data           4  main.o(.data)
    t_adc                                    0x1000001c   Data           4  main.o(.data)
    t_kbd                                    0x10000020   Data           4  main.o(.data)
    t_jst                                    0x10000024   Data           4  main.o(.data)
    t_clock                                  0x10000028   Data           4  main.o(.data)
    t_lcd                                    0x1000002c   Data           4  main.o(.data)
    ITM_RxBuffer                             0x10000030   Data           4  uart.o(.data)
    UART0TxEmpty                             0x10000034   Data           1  uart.o(.data)
    UART1TxEmpty                             0x10000035   Data           1  uart.o(.data)
    UART0Count                               0x10000038   Data           4  uart.o(.data)
    UART1Count                               0x1000003c   Data           4  uart.o(.data)
    i                                        0x10000040   Data           4  uart.o(.data)
    UART0Status                              0x10000044   Data           4  uart.o(.data)
    UART1Status                              0x10000048   Data           4  uart.o(.data)
    RcvLock0                                 0x1000004c   Data           1  uart.o(.data)
    SndLock0                                 0x1000004d   Data           1  uart.o(.data)
    RcvLock1                                 0x1000004e   Data           1  uart.o(.data)
    SndLock1                                 0x1000004f   Data           1  uart.o(.data)
    os_tsk                                   0x10000050   Data           8  rt_task.o(.data)
    os_time                                  0x10000058   Data           4  rt_time.o(.data)
    dbg_msg                                  0x1000005c   Data           1  hal_cm3.o(.data)
    os_tick_irqn                             0x10000064   Data           4  rt_system.o(.data)
    os_robin                                 0x10000068   Data           8  rt_robin.o(.data)
    os_tmr                                   0x10000070   Data           8  rt_timer.o(.data)
    mp_tcb                                   0x10000078   Data         348  rtx_conf_cm.o(.bss)
    mp_stk                                   0x100001d8   Data        1616  rtx_conf_cm.o(.bss)
    os_fifo                                  0x10000828   Data         132  rtx_conf_cm.o(.bss)
    os_active_TCB                            0x100008ac   Data          28  rtx_conf_cm.o(.bss)
    mut_GLCD                                 0x100008c8   Data          12  main.o(.bss)
    UART0Buffer                              0x100008d4   Data          64  uart.o(.bss)
    UART1Buffer                              0x10000914   Data          64  uart.o(.bss)
    os_idle_TCB                              0x10000954   Data          48  rt_task.o(.bss)
    os_rdy                                   0x10000984   Data          24  rt_list.o(.bss)
    os_dly                                   0x1000099c   Data          24  rt_list.o(.bss)
    __initial_sp                             0x10000bb8   Data           0  startup_lpc17xx.o(STACK)



==============================================================================

Memory Map of the image

  Image Entry point : 0x000000cd

  Load Region LR_IROM1 (Base: 0x00000000, Size: 0x00003d78, Max: 0x00080000, ABSOLUTE)

    Execution Region ER_IROM1 (Base: 0x00000000, Size: 0x00003d00, Max: 0x00080000, ABSOLUTE)

    Base Addr    Size         Type   Attr      Idx    E Section Name        Object

    0x00000000   0x000000cc   Data   RO            3    RESET               startup_lpc17xx.o
    0x000000cc   0x00000000   Code   RO         1071  * .ARM.Collect$$$$00000000  mc_w.l(entry.o)
    0x000000cc   0x00000004   Code   RO         1106    .ARM.Collect$$$$00000001  mc_w.l(entry2.o)
    0x000000d0   0x00000004   Code   RO         1109    .ARM.Collect$$$$00000004  mc_w.l(entry5.o)
    0x000000d4   0x00000000   Code   RO         1111    .ARM.Collect$$$$00000008  mc_w.l(entry7b.o)
    0x000000d4   0x00000008   Code   RO         1112    .ARM.Collect$$$$00000009  mc_w.l(entry8.o)
    0x000000dc   0x00000004   Code   RO         1107    .ARM.Collect$$$$00002712  mc_w.l(entry2.o)
    0x000000e0   0x00000154   Code   RO          632    .emb_text           RTX_CM3.LIB(hal_cm3.o)
    0x00000234   0x00000024   Code   RO            5    .text               startup_lpc17xx.o
    0x00000258   0x0000000a   Code   RO           56    .text               rtx_conf_cm.o
    0x00000262   0x00000002   PAD
    0x00000264   0x00000084   Code   RO          125    .text               led.o
    0x000002e8   0x00000004   Code   RO          891    SVC_TABLE           RTX_CM3.LIB(SVC_Table.o)
    0x000002ec   0x0000000e   Code   RO         1139    i.__scatterload_copy  mc_w.l(handlers.o)
    0x000002fa   0x00000002   Code   RO         1140    i.__scatterload_null  mc_w.l(handlers.o)
    0x000002fc   0x00000004   Code   RO            4    .ARM.__at_0x02FC    startup_lpc17xx.o
    0x00000300   0x00000318   Code   RO           15    .text               system_lpc17xx.o
    0x00000618   0x00000ba4   Code   RO           81    .text               glcd_spi_lpc1700.o
    0x000011bc   0x000002b4   Code   RO          148    .text               main.o
    0x00001470   0x00000054   Code   RO          186    .text               kbd.o
    0x000014c4   0x00000068   Code   RO          216    .text               adc.o
    0x0000152c   0x000003ac   Code   RO          447    .text               uart.o
    0x000018d8   0x00000062   Code   RO         1074    .text               mc_w.l(uldiv.o)
    0x0000193a   0x0000001e   Code   RO         1113    .text               mc_w.l(llshl.o)
    0x00001958   0x00000020   Code   RO         1115    .text               mc_w.l(llushr.o)
    0x00001978   0x00000024   Code   RO         1135    .text               mc_w.l(init.o)
    0x0000199c   0x0000000e   Code   RO         1141    i.__scatterload_zeroinit  mc_w.l(handlers.o)
    0x000019aa   0x00000046   Code   RO          858    i._init_box         RTX_CM3.LIB(rt_membox.o)
    0x000019f0   0x00000030   Code   RO          633    i.dbg_init          RTX_CM3.LIB(hal_cm3.o)
    0x00001a20   0x00000020   Code   RO          634    i.dbg_task_notify   RTX_CM3.LIB(hal_cm3.o)
    0x00001a40   0x00000010   Code   RO          635    i.dbg_task_switch   RTX_CM3.LIB(hal_cm3.o)
    0x00001a50   0x00000028   Code   RO          674    i.os_tick_init      RTX_CM3.LIB(rt_system.o)
    0x00001a78   0x00000002   Code   RO          675    i.os_tick_irqack    RTX_CM3.LIB(rt_system.o)
    0x00001a7a   0x0000001a   Code   RO          859    i.rt_alloc_box      RTX_CM3.LIB(rt_membox.o)
    0x00001a94   0x00000038   Code   RO          472    i.rt_block          RTX_CM3.LIB(rt_task.o)
    0x00001acc   0x00000048   Code   RO          836    i.rt_chk_robin      RTX_CM3.LIB(rt_robin.o)
    0x00001b14   0x00000074   Code   RO          757    i.rt_dec_dly        RTX_CM3.LIB(rt_list.o)
    0x00001b88   0x00000044   Code   RO          473    i.rt_dispatch       RTX_CM3.LIB(rt_task.o)
    0x00001bcc   0x00000006   Code   RO          571    i.rt_dly_wait       RTX_CM3.LIB(rt_time.o)
    0x00001bd2   0x00000002   PAD
    0x00001bd4   0x0000004c   Code   RO          897    i.rt_evt_psh        RTX_CM3.LIB(rt_event.o)
    0x00001c20   0x00000020   Code   RO          860    i.rt_free_box       RTX_CM3.LIB(rt_membox.o)
    0x00001c40   0x00000028   Code   RO          758    i.rt_get_first      RTX_CM3.LIB(rt_list.o)
    0x00001c68   0x00000044   Code   RO          474    i.rt_init_context   RTX_CM3.LIB(rt_task.o)
    0x00001cac   0x00000018   Code   RO          837    i.rt_init_robin     RTX_CM3.LIB(rt_robin.o)
    0x00001cc4   0x00000050   Code   RO          636    i.rt_init_stack     RTX_CM3.LIB(hal_cm3.o)
    0x00001d14   0x000000c0   Code   RO          940    i.rt_mbx_psh        RTX_CM3.LIB(rt_mailbox.o)
    0x00001dd4   0x00000010   Code   RO          608    i.rt_mut_init       RTX_CM3.LIB(rt_mutex.o)
    0x00001de4   0x000000ac   Code   RO          609    i.rt_mut_release    RTX_CM3.LIB(rt_mutex.o)
    0x00001e90   0x00000064   Code   RO          610    i.rt_mut_wait       RTX_CM3.LIB(rt_mutex.o)
    0x00001ef4   0x00000078   Code   RO          676    i.rt_pop_req        RTX_CM3.LIB(rt_system.o)
    0x00001f6c   0x00000048   Code   RO          761    i.rt_put_dly        RTX_CM3.LIB(rt_list.o)
    0x00001fb4   0x00000036   Code   RO          762    i.rt_put_prio       RTX_CM3.LIB(rt_list.o)
    0x00001fea   0x00000002   PAD
    0x00001fec   0x00000014   Code   RO          763    i.rt_put_rdy_first  RTX_CM3.LIB(rt_list.o)
    0x00002000   0x00000034   Code   RO          764    i.rt_resort_prio    RTX_CM3.LIB(rt_list.o)
    0x00002034   0x00000028   Code   RO          765    i.rt_rmv_dly        RTX_CM3.LIB(rt_list.o)
    0x0000205c   0x00000030   Code   RO          766    i.rt_rmv_list       RTX_CM3.LIB(rt_list.o)
    0x0000208c   0x00000034   Code   RO          986    i.rt_sem_psh        RTX_CM3.LIB(rt_semaphore.o)
    0x000020c0   0x00000024   Code   RO          679    i.rt_stk_check      RTX_CM3.LIB(rt_system.o)
    0x000020e4   0x00000028   Code   RO          475    i.rt_switch_req     RTX_CM3.LIB(rt_task.o)
    0x0000210c   0x00000158   Code   RO          476    i.rt_sys_init       RTX_CM3.LIB(rt_task.o)
    0x00002264   0x0000003c   Code   RO          681    i.rt_systick        RTX_CM3.LIB(rt_system.o)
    0x000022a0   0x00000040   Code   RO         1022    i.rt_tmr_tick       RTX_CM3.LIB(rt_timer.o)
    0x000022e0   0x00000094   Code   RO          477    i.rt_tsk_create     RTX_CM3.LIB(rt_task.o)
    0x00002374   0x000000bc   Code   RO          478    i.rt_tsk_delete     RTX_CM3.LIB(rt_task.o)
    0x00002430   0x00000028   Data   RO           58    .constdata          rtx_conf_cm.o
    0x00002458   0x00001880   Data   RO           82    .constdata          glcd_spi_lpc1700.o
    0x00003cd8   0x00000008   Data   RO          126    .constdata          led.o
    0x00003ce0   0x00000020   Data   RO         1137    Region$$Table       anon$$obj.o


    Execution Region RW_IRAM1 (Base: 0x10000000, Size: 0x00000bb8, Max: 0x00008000, ABSOLUTE)

    Base Addr    Size         Type   Attr      Idx    E Section Name        Object

    0x10000000   0x00000004   Data   RW           16    .data               system_lpc17xx.o
    0x10000004   0x00000004   Data   RW           59    .data               rtx_conf_cm.o
    0x10000008   0x00000005   Data   RW           83    .data               glcd_spi_lpc1700.o
    0x1000000d   0x00000003   PAD
    0x10000010   0x00000020   Data   RW          150    .data               main.o
    0x10000030   0x00000020   Data   RW          449    .data               uart.o
    0x10000050   0x00000008   Data   RW          483    .data               RTX_CM3.LIB(rt_task.o)
    0x10000058   0x00000004   Data   RW          575    .data               RTX_CM3.LIB(rt_time.o)
    0x1000005c   0x00000001   Data   RW          637    .data               RTX_CM3.LIB(hal_cm3.o)
    0x1000005d   0x00000003   PAD
    0x10000060   0x00000008   Data   RW          684    .data               RTX_CM3.LIB(rt_system.o)
    0x10000068   0x00000008   Data   RW          838    .data               RTX_CM3.LIB(rt_robin.o)
    0x10000070   0x00000008   Data   RW         1023    .data               RTX_CM3.LIB(rt_timer.o)
    0x10000078   0x00000850   Zero   RW           57    .bss                rtx_conf_cm.o
    0x100008c8   0x0000000c   Zero   RW          149    .bss                main.o
    0x100008d4   0x00000080   Zero   RW          448    .bss                uart.o
    0x10000954   0x00000030   Zero   RW          482    .bss                RTX_CM3.LIB(rt_task.o)
    0x10000984   0x00000030   Zero   RW          767    .bss                RTX_CM3.LIB(rt_list.o)
    0x100009b4   0x00000004   PAD
    0x100009b8   0x00000200   Zero   RW            1    STACK               startup_lpc17xx.o


==============================================================================

Image component sizes


      Code (inc. data)   RO Data    RW Data    ZI Data      Debug   Object Name

       104         30          0          0          0        583   adc.o
      2980         62       6272          5          0      25288   glcd_spi_lpc1700.o
        84         12          0          0          0        624   kbd.o
       132          8          8          0          0       1276   led.o
       692        142          0         32         12      42257   main.o
        10          0         40          4       2128       8524   rtx_conf_cm.o
        40         12        204          0        512        840   startup_lpc17xx.o
       792         78          0          4          0       5141   system_lpc17xx.o
       940         60          0         32        128      28855   uart.o

    ----------------------------------------------------------------------
      5776        404       6556         80       2780     113388   Object Totals
         0          0         32          0          0          0   (incl. Generated)
         2          0          0          3          0          0   (incl. Padding)

    ----------------------------------------------------------------------

      Code (inc. data)   RO Data    RW Data    ZI Data      Debug   Library Member Name

         4          4          0          0          0        136   SVC_Table.o
       516         56          0          1          0       2465   hal_cm3.o
        76          4          0          0          0        541   rt_event.o
       442         30          0          0         48       3794   rt_list.o
       192          4          0          0          0        605   rt_mailbox.o
       128          0          0          0          0       1489   rt_membox.o
       288         12          0          0          0       1601   rt_mutex.o
        96         22          0          8          0        962   rt_robin.o
        52          6          0          0          0        453   rt_semaphore.o
       258         42          0          8          0       2962   rt_system.o
       912        156          0          8         48       6282   rt_task.o
         6          0          0          4          0        504   rt_time.o
        64          8          0          8          0        583   rt_timer.o
         0          0          0          0          0          0   entry.o
         8          4          0          0          0          0   entry2.o
         4          0          0          0          0          0   entry5.o
         0          0          0          0          0          0   entry7b.o
         8          4          0          0          0          0   entry8.o
        30          0          0          0          0          0   handlers.o
        36          8          0          0          0         68   init.o
        30          0          0          0          0         68   llshl.o
        32          0          0          0          0         68   llushr.o
        98          0          0          0          0         92   uldiv.o

    ----------------------------------------------------------------------
      3284        360          0         40        100      22673   Library Totals
         4          0          0          3          4          0   (incl. Padding)

    ----------------------------------------------------------------------

      Code (inc. data)   RO Data    RW Data    ZI Data      Debug   Library Name

      3034        344          0         37         96      22377   RTX_CM3.LIB
       246         16          0          0          0        296   mc_w.l

    ----------------------------------------------------------------------
      3284        360          0         40        100      22673   Library Totals

    ----------------------------------------------------------------------

==============================================================================


      Code (inc. data)   RO Data    RW Data    ZI Data      Debug   

      9060        764       6556        120       2880     133357   Grand Totals
      9060        764       6556        120       2880     133357   ELF Image Totals
      9060        764       6556        120          0          0   ROM Totals

==============================================================================

    Total RO  Size (Code + RO Data)                15616 (  15.25kB)
    Total RW  Size (RW Data + ZI Data)              3000 (   2.93kB)
    Total ROM Size (Code + RO Data + RW Data)      15736 (  15.37kB)

==============================================================================

